// Jest Snapshot v1, https://goo.gl/fbAQLP

exports[`generateKeyPair should generate key pair succesfully 1`] = `
Object {
  "privateKey": Object {
    "seed": Uint8Array [
      135,
      168,
      113,
      85,
      45,
      10,
      196,
      74,
      217,
      242,
      221,
      50,
      120,
      123,
      235,
      32,
      16,
      51,
      245,
      214,
      73,
      234,
      212,
      222,
      218,
      193,
      93,
      120,
      119,
      44,
      229,
      246,
    ],
  },
  "publicKey": Object {
    "bytes": Uint8Array [
      138,
      242,
      245,
      223,
      68,
      42,
      243,
      142,
      53,
      114,
      100,
      113,
      46,
      26,
      80,
      157,
      255,
      217,
      116,
      93,
      109,
      73,
      16,
      181,
      123,
      225,
      231,
      127,
      98,
      90,
      142,
      128,
    ],
  },
}
`;
